ARM GAS  C:\Users\Dan\AppData\Local\Temp\ccI9PlTc.s 			page 1


   1              		.syntax unified
   2              		.cpu cortex-m3
   3              		.fpu softvfp
   4              		.eabi_attribute 20, 1
   5              		.eabi_attribute 21, 1
   6              		.eabi_attribute 23, 3
   7              		.eabi_attribute 24, 1
   8              		.eabi_attribute 25, 1
   9              		.eabi_attribute 26, 1
  10              		.eabi_attribute 30, 1
  11              		.eabi_attribute 34, 1
  12              		.eabi_attribute 18, 4
  13              		.thumb
  14              		.syntax unified
  15              		.file	"QuadDec_Rem.c"
  16              		.text
  17              	.Ltext0:
  18              		.cfi_sections	.debug_frame
  19              		.section	.text.QuadDec_Rem_Init,"ax",%progbits
  20              		.align	2
  21              		.global	QuadDec_Rem_Init
  22              		.thumb
  23              		.thumb_func
  24              		.type	QuadDec_Rem_Init, %function
  25              	QuadDec_Rem_Init:
  26              	.LFB0:
  27              		.file 1 "Generated_Source\\PSoC5\\QuadDec_Rem.c"
   1:Generated_Source\PSoC5/QuadDec_Rem.c **** /*******************************************************************************
   2:Generated_Source\PSoC5/QuadDec_Rem.c **** * File Name: QuadDec_Rem.c  
   3:Generated_Source\PSoC5/QuadDec_Rem.c **** * Version 3.0
   4:Generated_Source\PSoC5/QuadDec_Rem.c **** *
   5:Generated_Source\PSoC5/QuadDec_Rem.c **** * Description:
   6:Generated_Source\PSoC5/QuadDec_Rem.c **** *  This file provides the source code to the API for the Quadrature Decoder
   7:Generated_Source\PSoC5/QuadDec_Rem.c **** *  component.
   8:Generated_Source\PSoC5/QuadDec_Rem.c **** *
   9:Generated_Source\PSoC5/QuadDec_Rem.c **** * Note:
  10:Generated_Source\PSoC5/QuadDec_Rem.c **** *  None.
  11:Generated_Source\PSoC5/QuadDec_Rem.c **** *   
  12:Generated_Source\PSoC5/QuadDec_Rem.c **** ********************************************************************************
  13:Generated_Source\PSoC5/QuadDec_Rem.c **** * Copyright 2008-2014, Cypress Semiconductor Corporation.  All rights reserved.
  14:Generated_Source\PSoC5/QuadDec_Rem.c **** * You may use this file only in accordance with the license, terms, conditions, 
  15:Generated_Source\PSoC5/QuadDec_Rem.c **** * disclaimers, and limitations in the end user license agreement accompanying 
  16:Generated_Source\PSoC5/QuadDec_Rem.c **** * the software package with which this file was provided.
  17:Generated_Source\PSoC5/QuadDec_Rem.c **** *******************************************************************************/
  18:Generated_Source\PSoC5/QuadDec_Rem.c **** 
  19:Generated_Source\PSoC5/QuadDec_Rem.c **** #include "QuadDec_Rem.h"
  20:Generated_Source\PSoC5/QuadDec_Rem.c **** 
  21:Generated_Source\PSoC5/QuadDec_Rem.c **** #if (QuadDec_Rem_COUNTER_SIZE == QuadDec_Rem_COUNTER_SIZE_32_BIT)
  22:Generated_Source\PSoC5/QuadDec_Rem.c ****     #include "QuadDec_Rem_PVT.h"
  23:Generated_Source\PSoC5/QuadDec_Rem.c **** #endif /* QuadDec_Rem_COUNTER_SIZE == QuadDec_Rem_COUNTER_SIZE_32_BIT */
  24:Generated_Source\PSoC5/QuadDec_Rem.c **** 
  25:Generated_Source\PSoC5/QuadDec_Rem.c **** uint8 QuadDec_Rem_initVar = 0u;
  26:Generated_Source\PSoC5/QuadDec_Rem.c **** 
  27:Generated_Source\PSoC5/QuadDec_Rem.c **** 
  28:Generated_Source\PSoC5/QuadDec_Rem.c **** /*******************************************************************************
  29:Generated_Source\PSoC5/QuadDec_Rem.c **** * Function Name: QuadDec_Rem_Init
  30:Generated_Source\PSoC5/QuadDec_Rem.c **** ********************************************************************************
ARM GAS  C:\Users\Dan\AppData\Local\Temp\ccI9PlTc.s 			page 2


  31:Generated_Source\PSoC5/QuadDec_Rem.c **** *
  32:Generated_Source\PSoC5/QuadDec_Rem.c **** * Summary:
  33:Generated_Source\PSoC5/QuadDec_Rem.c **** *  Inits/Restores default QuadDec configuration provided with customizer.
  34:Generated_Source\PSoC5/QuadDec_Rem.c **** *
  35:Generated_Source\PSoC5/QuadDec_Rem.c **** * Parameters:
  36:Generated_Source\PSoC5/QuadDec_Rem.c **** *  None.
  37:Generated_Source\PSoC5/QuadDec_Rem.c **** *
  38:Generated_Source\PSoC5/QuadDec_Rem.c **** * Return:
  39:Generated_Source\PSoC5/QuadDec_Rem.c **** *  None.
  40:Generated_Source\PSoC5/QuadDec_Rem.c **** *
  41:Generated_Source\PSoC5/QuadDec_Rem.c **** *******************************************************************************/
  42:Generated_Source\PSoC5/QuadDec_Rem.c **** void QuadDec_Rem_Init(void) 
  43:Generated_Source\PSoC5/QuadDec_Rem.c **** {
  28              		.loc 1 43 0
  29              		.cfi_startproc
  30              		@ args = 0, pretend = 0, frame = 0
  31              		@ frame_needed = 0, uses_anonymous_args = 0
  32              		@ link register save eliminated.
  33 0000 7047     		bx	lr
  34              		.cfi_endproc
  35              	.LFE0:
  36              		.size	QuadDec_Rem_Init, .-QuadDec_Rem_Init
  37 0002 00BF     		.section	.text.QuadDec_Rem_Stop,"ax",%progbits
  38              		.align	2
  39              		.global	QuadDec_Rem_Stop
  40              		.thumb
  41              		.thumb_func
  42              		.type	QuadDec_Rem_Stop, %function
  43              	QuadDec_Rem_Stop:
  44              	.LFB3:
  44:Generated_Source\PSoC5/QuadDec_Rem.c ****     #if (QuadDec_Rem_COUNTER_SIZE == QuadDec_Rem_COUNTER_SIZE_32_BIT)
  45:Generated_Source\PSoC5/QuadDec_Rem.c ****         /* Disable Interrupt. */
  46:Generated_Source\PSoC5/QuadDec_Rem.c ****         CyIntDisable(QuadDec_Rem_ISR_NUMBER);
  47:Generated_Source\PSoC5/QuadDec_Rem.c ****         /* Set the ISR to point to the QuadDec_Rem_isr Interrupt. */
  48:Generated_Source\PSoC5/QuadDec_Rem.c ****         (void) CyIntSetVector(QuadDec_Rem_ISR_NUMBER, & QuadDec_Rem_ISR);
  49:Generated_Source\PSoC5/QuadDec_Rem.c ****         /* Set the priority. */
  50:Generated_Source\PSoC5/QuadDec_Rem.c ****         CyIntSetPriority(QuadDec_Rem_ISR_NUMBER, QuadDec_Rem_ISR_PRIORITY);
  51:Generated_Source\PSoC5/QuadDec_Rem.c ****     #endif /* QuadDec_Rem_COUNTER_SIZE == QuadDec_Rem_COUNTER_SIZE_32_BIT */
  52:Generated_Source\PSoC5/QuadDec_Rem.c **** }
  53:Generated_Source\PSoC5/QuadDec_Rem.c **** 
  54:Generated_Source\PSoC5/QuadDec_Rem.c **** 
  55:Generated_Source\PSoC5/QuadDec_Rem.c **** /*******************************************************************************
  56:Generated_Source\PSoC5/QuadDec_Rem.c **** * Function Name: QuadDec_Rem_Enable
  57:Generated_Source\PSoC5/QuadDec_Rem.c **** ********************************************************************************
  58:Generated_Source\PSoC5/QuadDec_Rem.c **** *
  59:Generated_Source\PSoC5/QuadDec_Rem.c **** * Summary:
  60:Generated_Source\PSoC5/QuadDec_Rem.c **** *  This function enable interrupts from Component and also enable Component's
  61:Generated_Source\PSoC5/QuadDec_Rem.c **** *  ISR in case of 32-bit counter.
  62:Generated_Source\PSoC5/QuadDec_Rem.c **** *
  63:Generated_Source\PSoC5/QuadDec_Rem.c **** * Parameters:
  64:Generated_Source\PSoC5/QuadDec_Rem.c **** *  None.
  65:Generated_Source\PSoC5/QuadDec_Rem.c **** *
  66:Generated_Source\PSoC5/QuadDec_Rem.c **** * Return:
  67:Generated_Source\PSoC5/QuadDec_Rem.c **** *  None.
  68:Generated_Source\PSoC5/QuadDec_Rem.c **** *
  69:Generated_Source\PSoC5/QuadDec_Rem.c **** *******************************************************************************/
  70:Generated_Source\PSoC5/QuadDec_Rem.c **** void QuadDec_Rem_Enable(void) 
ARM GAS  C:\Users\Dan\AppData\Local\Temp\ccI9PlTc.s 			page 3


  71:Generated_Source\PSoC5/QuadDec_Rem.c **** {
  72:Generated_Source\PSoC5/QuadDec_Rem.c ****     uint8 enableInterrupts;
  73:Generated_Source\PSoC5/QuadDec_Rem.c **** 
  74:Generated_Source\PSoC5/QuadDec_Rem.c ****     QuadDec_Rem_SetInterruptMask(QuadDec_Rem_INIT_INT_MASK);
  75:Generated_Source\PSoC5/QuadDec_Rem.c **** 
  76:Generated_Source\PSoC5/QuadDec_Rem.c ****     /* Clear pending interrupts. */
  77:Generated_Source\PSoC5/QuadDec_Rem.c ****     (void) QuadDec_Rem_GetEvents();
  78:Generated_Source\PSoC5/QuadDec_Rem.c ****     
  79:Generated_Source\PSoC5/QuadDec_Rem.c ****     enableInterrupts = CyEnterCriticalSection();
  80:Generated_Source\PSoC5/QuadDec_Rem.c **** 
  81:Generated_Source\PSoC5/QuadDec_Rem.c ****     /* Enable interrupts from Statusi register */
  82:Generated_Source\PSoC5/QuadDec_Rem.c ****     QuadDec_Rem_SR_AUX_CONTROL |= QuadDec_Rem_INTERRUPTS_ENABLE;
  83:Generated_Source\PSoC5/QuadDec_Rem.c **** 
  84:Generated_Source\PSoC5/QuadDec_Rem.c ****     CyExitCriticalSection(enableInterrupts);        
  85:Generated_Source\PSoC5/QuadDec_Rem.c **** 
  86:Generated_Source\PSoC5/QuadDec_Rem.c ****     #if (QuadDec_Rem_COUNTER_SIZE == QuadDec_Rem_COUNTER_SIZE_32_BIT)
  87:Generated_Source\PSoC5/QuadDec_Rem.c ****         /* Enable Component interrupts */
  88:Generated_Source\PSoC5/QuadDec_Rem.c ****         CyIntEnable(QuadDec_Rem_ISR_NUMBER);
  89:Generated_Source\PSoC5/QuadDec_Rem.c ****     #endif /* QuadDec_Rem_COUNTER_SIZE == QuadDec_Rem_COUNTER_SIZE_32_BIT */
  90:Generated_Source\PSoC5/QuadDec_Rem.c **** }
  91:Generated_Source\PSoC5/QuadDec_Rem.c **** 
  92:Generated_Source\PSoC5/QuadDec_Rem.c **** 
  93:Generated_Source\PSoC5/QuadDec_Rem.c **** /*******************************************************************************
  94:Generated_Source\PSoC5/QuadDec_Rem.c **** * Function Name: QuadDec_Rem_Start
  95:Generated_Source\PSoC5/QuadDec_Rem.c **** ********************************************************************************
  96:Generated_Source\PSoC5/QuadDec_Rem.c **** *
  97:Generated_Source\PSoC5/QuadDec_Rem.c **** * Summary:
  98:Generated_Source\PSoC5/QuadDec_Rem.c **** *  Initializes UDBs and other relevant hardware.
  99:Generated_Source\PSoC5/QuadDec_Rem.c **** *  Resets counter, enables or disables all relevant interrupts.
 100:Generated_Source\PSoC5/QuadDec_Rem.c **** *  Starts monitoring the inputs and counting.
 101:Generated_Source\PSoC5/QuadDec_Rem.c **** *
 102:Generated_Source\PSoC5/QuadDec_Rem.c **** * Parameters:
 103:Generated_Source\PSoC5/QuadDec_Rem.c **** *  None.
 104:Generated_Source\PSoC5/QuadDec_Rem.c **** *
 105:Generated_Source\PSoC5/QuadDec_Rem.c **** * Return:
 106:Generated_Source\PSoC5/QuadDec_Rem.c **** *  None.
 107:Generated_Source\PSoC5/QuadDec_Rem.c **** *
 108:Generated_Source\PSoC5/QuadDec_Rem.c **** * Global variables:
 109:Generated_Source\PSoC5/QuadDec_Rem.c **** *  QuadDec_Rem_initVar - used to check initial configuration, modified on
 110:Generated_Source\PSoC5/QuadDec_Rem.c **** *  first function call.
 111:Generated_Source\PSoC5/QuadDec_Rem.c **** *
 112:Generated_Source\PSoC5/QuadDec_Rem.c **** * Reentrant:
 113:Generated_Source\PSoC5/QuadDec_Rem.c **** *  No.
 114:Generated_Source\PSoC5/QuadDec_Rem.c **** *
 115:Generated_Source\PSoC5/QuadDec_Rem.c **** *******************************************************************************/
 116:Generated_Source\PSoC5/QuadDec_Rem.c **** void QuadDec_Rem_Start(void) 
 117:Generated_Source\PSoC5/QuadDec_Rem.c **** {
 118:Generated_Source\PSoC5/QuadDec_Rem.c ****     #if (QuadDec_Rem_COUNTER_SIZE == QuadDec_Rem_COUNTER_SIZE_8_BIT)
 119:Generated_Source\PSoC5/QuadDec_Rem.c ****         QuadDec_Rem_Cnt8_Start();
 120:Generated_Source\PSoC5/QuadDec_Rem.c ****         QuadDec_Rem_Cnt8_WriteCounter(QuadDec_Rem_COUNTER_INIT_VALUE);
 121:Generated_Source\PSoC5/QuadDec_Rem.c ****     #else
 122:Generated_Source\PSoC5/QuadDec_Rem.c ****         /* (QuadDec_Rem_COUNTER_SIZE == QuadDec_Rem_COUNTER_SIZE_16_BIT) || 
 123:Generated_Source\PSoC5/QuadDec_Rem.c ****         *  (QuadDec_Rem_COUNTER_SIZE == QuadDec_Rem_COUNTER_SIZE_32_BIT) 
 124:Generated_Source\PSoC5/QuadDec_Rem.c ****         */
 125:Generated_Source\PSoC5/QuadDec_Rem.c ****         QuadDec_Rem_Cnt16_Start();
 126:Generated_Source\PSoC5/QuadDec_Rem.c ****         QuadDec_Rem_Cnt16_WriteCounter(QuadDec_Rem_COUNTER_INIT_VALUE);
 127:Generated_Source\PSoC5/QuadDec_Rem.c ****     #endif /* QuadDec_Rem_COUNTER_SIZE == QuadDec_Rem_COUNTER_SIZE_8_BIT */
ARM GAS  C:\Users\Dan\AppData\Local\Temp\ccI9PlTc.s 			page 4


 128:Generated_Source\PSoC5/QuadDec_Rem.c ****     
 129:Generated_Source\PSoC5/QuadDec_Rem.c ****     #if (QuadDec_Rem_COUNTER_SIZE == QuadDec_Rem_COUNTER_SIZE_32_BIT)        
 130:Generated_Source\PSoC5/QuadDec_Rem.c ****        QuadDec_Rem_count32SoftPart = 0;
 131:Generated_Source\PSoC5/QuadDec_Rem.c ****     #endif /* QuadDec_Rem_COUNTER_SIZE == QuadDec_Rem_COUNTER_SIZE_32_BIT */
 132:Generated_Source\PSoC5/QuadDec_Rem.c **** 
 133:Generated_Source\PSoC5/QuadDec_Rem.c ****     if (QuadDec_Rem_initVar == 0u)
 134:Generated_Source\PSoC5/QuadDec_Rem.c ****     {
 135:Generated_Source\PSoC5/QuadDec_Rem.c ****         QuadDec_Rem_Init();
 136:Generated_Source\PSoC5/QuadDec_Rem.c ****         QuadDec_Rem_initVar = 1u;
 137:Generated_Source\PSoC5/QuadDec_Rem.c ****     }
 138:Generated_Source\PSoC5/QuadDec_Rem.c **** 
 139:Generated_Source\PSoC5/QuadDec_Rem.c ****     QuadDec_Rem_Enable();
 140:Generated_Source\PSoC5/QuadDec_Rem.c **** }
 141:Generated_Source\PSoC5/QuadDec_Rem.c **** 
 142:Generated_Source\PSoC5/QuadDec_Rem.c **** 
 143:Generated_Source\PSoC5/QuadDec_Rem.c **** /*******************************************************************************
 144:Generated_Source\PSoC5/QuadDec_Rem.c **** * Function Name: QuadDec_Rem_Stop
 145:Generated_Source\PSoC5/QuadDec_Rem.c **** ********************************************************************************
 146:Generated_Source\PSoC5/QuadDec_Rem.c **** *
 147:Generated_Source\PSoC5/QuadDec_Rem.c **** * Summary:
 148:Generated_Source\PSoC5/QuadDec_Rem.c **** *  Turns off UDBs and other relevant hardware.
 149:Generated_Source\PSoC5/QuadDec_Rem.c **** *
 150:Generated_Source\PSoC5/QuadDec_Rem.c **** * Parameters:
 151:Generated_Source\PSoC5/QuadDec_Rem.c **** *  None.
 152:Generated_Source\PSoC5/QuadDec_Rem.c **** *
 153:Generated_Source\PSoC5/QuadDec_Rem.c **** * Return:
 154:Generated_Source\PSoC5/QuadDec_Rem.c **** *  None.
 155:Generated_Source\PSoC5/QuadDec_Rem.c **** *
 156:Generated_Source\PSoC5/QuadDec_Rem.c **** *******************************************************************************/
 157:Generated_Source\PSoC5/QuadDec_Rem.c **** void QuadDec_Rem_Stop(void) 
 158:Generated_Source\PSoC5/QuadDec_Rem.c **** {
  45              		.loc 1 158 0
  46              		.cfi_startproc
  47              		@ args = 0, pretend = 0, frame = 0
  48              		@ frame_needed = 0, uses_anonymous_args = 0
  49              		.loc 1 158 0
  50 0000 08B5     		push	{r3, lr}
  51              		.cfi_def_cfa_offset 8
  52              		.cfi_offset 3, -8
  53              		.cfi_offset 14, -4
 159:Generated_Source\PSoC5/QuadDec_Rem.c ****     uint8 enableInterrupts;
 160:Generated_Source\PSoC5/QuadDec_Rem.c **** 
 161:Generated_Source\PSoC5/QuadDec_Rem.c ****     #if (QuadDec_Rem_COUNTER_SIZE == QuadDec_Rem_COUNTER_SIZE_8_BIT)
 162:Generated_Source\PSoC5/QuadDec_Rem.c ****         QuadDec_Rem_Cnt8_Stop();
  54              		.loc 1 162 0
  55 0002 FFF7FEFF 		bl	QuadDec_Rem_Cnt8_Stop
  56              	.LVL0:
 163:Generated_Source\PSoC5/QuadDec_Rem.c ****     #else 
 164:Generated_Source\PSoC5/QuadDec_Rem.c ****         /* (QuadDec_Rem_COUNTER_SIZE == QuadDec_Rem_COUNTER_SIZE_16_BIT) ||
 165:Generated_Source\PSoC5/QuadDec_Rem.c ****         *  (QuadDec_Rem_COUNTER_SIZE == QuadDec_Rem_COUNTER_SIZE_32_BIT)
 166:Generated_Source\PSoC5/QuadDec_Rem.c ****         */
 167:Generated_Source\PSoC5/QuadDec_Rem.c ****         QuadDec_Rem_Cnt16_Stop();    /* counter disable */
 168:Generated_Source\PSoC5/QuadDec_Rem.c ****     #endif /* (QuadDec_Rem_COUNTER_SIZE == QuadDec_Rem_COUNTER_SIZE_8_BIT) */
 169:Generated_Source\PSoC5/QuadDec_Rem.c ****  
 170:Generated_Source\PSoC5/QuadDec_Rem.c ****     enableInterrupts = CyEnterCriticalSection();
  57              		.loc 1 170 0
  58 0006 FFF7FEFF 		bl	CyEnterCriticalSection
ARM GAS  C:\Users\Dan\AppData\Local\Temp\ccI9PlTc.s 			page 5


  59              	.LVL1:
 171:Generated_Source\PSoC5/QuadDec_Rem.c **** 
 172:Generated_Source\PSoC5/QuadDec_Rem.c ****     /* Disable interrupts interrupts from Statusi register */
 173:Generated_Source\PSoC5/QuadDec_Rem.c ****     QuadDec_Rem_SR_AUX_CONTROL &= (uint8) (~QuadDec_Rem_INTERRUPTS_ENABLE);
  60              		.loc 1 173 0
  61 000a 044A     		ldr	r2, .L4
  62 000c 1378     		ldrb	r3, [r2]	@ zero_extendqisi2
  63 000e 03F0EF03 		and	r3, r3, #239
  64 0012 1370     		strb	r3, [r2]
 174:Generated_Source\PSoC5/QuadDec_Rem.c **** 
 175:Generated_Source\PSoC5/QuadDec_Rem.c ****     CyExitCriticalSection(enableInterrupts);
  65              		.loc 1 175 0
  66 0014 FFF7FEFF 		bl	CyExitCriticalSection
  67              	.LVL2:
  68 0018 08BD     		pop	{r3, pc}
  69              	.L5:
  70 001a 00BF     		.align	2
  71              	.L4:
  72 001c 9A650040 		.word	1073767834
  73              		.cfi_endproc
  74              	.LFE3:
  75              		.size	QuadDec_Rem_Stop, .-QuadDec_Rem_Stop
  76              		.section	.text.QuadDec_Rem_GetCounter,"ax",%progbits
  77              		.align	2
  78              		.global	QuadDec_Rem_GetCounter
  79              		.thumb
  80              		.thumb_func
  81              		.type	QuadDec_Rem_GetCounter, %function
  82              	QuadDec_Rem_GetCounter:
  83              	.LFB4:
 176:Generated_Source\PSoC5/QuadDec_Rem.c **** 
 177:Generated_Source\PSoC5/QuadDec_Rem.c ****     #if (QuadDec_Rem_COUNTER_SIZE == QuadDec_Rem_COUNTER_SIZE_32_BIT)
 178:Generated_Source\PSoC5/QuadDec_Rem.c ****         CyIntDisable(QuadDec_Rem_ISR_NUMBER);    /* interrupt disable */
 179:Generated_Source\PSoC5/QuadDec_Rem.c ****     #endif /* QuadDec_Rem_COUNTER_SIZE == QuadDec_Rem_COUNTER_SIZE_32_BIT */
 180:Generated_Source\PSoC5/QuadDec_Rem.c **** }
 181:Generated_Source\PSoC5/QuadDec_Rem.c **** 
 182:Generated_Source\PSoC5/QuadDec_Rem.c **** 
 183:Generated_Source\PSoC5/QuadDec_Rem.c **** /*******************************************************************************
 184:Generated_Source\PSoC5/QuadDec_Rem.c **** * Function Name: QuadDec_Rem_GetCounter
 185:Generated_Source\PSoC5/QuadDec_Rem.c **** ********************************************************************************
 186:Generated_Source\PSoC5/QuadDec_Rem.c **** *
 187:Generated_Source\PSoC5/QuadDec_Rem.c **** * Summary:
 188:Generated_Source\PSoC5/QuadDec_Rem.c **** *  Reports the current value of the counter.
 189:Generated_Source\PSoC5/QuadDec_Rem.c **** *
 190:Generated_Source\PSoC5/QuadDec_Rem.c **** * Parameters:
 191:Generated_Source\PSoC5/QuadDec_Rem.c **** *  None.
 192:Generated_Source\PSoC5/QuadDec_Rem.c **** *
 193:Generated_Source\PSoC5/QuadDec_Rem.c **** * Return:
 194:Generated_Source\PSoC5/QuadDec_Rem.c **** *  The counter value. Return type is signed and per the counter size setting.
 195:Generated_Source\PSoC5/QuadDec_Rem.c **** *  A positive value indicates clockwise movement (B before A).
 196:Generated_Source\PSoC5/QuadDec_Rem.c **** *
 197:Generated_Source\PSoC5/QuadDec_Rem.c **** * Global variables:
 198:Generated_Source\PSoC5/QuadDec_Rem.c **** *  QuadDec_Rem_count32SoftPart - used to get hi 16 bit for current value
 199:Generated_Source\PSoC5/QuadDec_Rem.c **** *  of the 32-bit counter, when Counter size equal 32-bit.
 200:Generated_Source\PSoC5/QuadDec_Rem.c **** *
 201:Generated_Source\PSoC5/QuadDec_Rem.c **** *******************************************************************************/
 202:Generated_Source\PSoC5/QuadDec_Rem.c **** int8 QuadDec_Rem_GetCounter(void) 
ARM GAS  C:\Users\Dan\AppData\Local\Temp\ccI9PlTc.s 			page 6


 203:Generated_Source\PSoC5/QuadDec_Rem.c **** {
  84              		.loc 1 203 0
  85              		.cfi_startproc
  86              		@ args = 0, pretend = 0, frame = 0
  87              		@ frame_needed = 0, uses_anonymous_args = 0
  88 0000 08B5     		push	{r3, lr}
  89              		.cfi_def_cfa_offset 8
  90              		.cfi_offset 3, -8
  91              		.cfi_offset 14, -4
 204:Generated_Source\PSoC5/QuadDec_Rem.c ****     int8 count;
 205:Generated_Source\PSoC5/QuadDec_Rem.c ****     uint8 tmpCnt;
 206:Generated_Source\PSoC5/QuadDec_Rem.c **** 
 207:Generated_Source\PSoC5/QuadDec_Rem.c ****     #if (QuadDec_Rem_COUNTER_SIZE == QuadDec_Rem_COUNTER_SIZE_32_BIT)
 208:Generated_Source\PSoC5/QuadDec_Rem.c ****         int16 hwCount;
 209:Generated_Source\PSoC5/QuadDec_Rem.c **** 
 210:Generated_Source\PSoC5/QuadDec_Rem.c ****         CyIntDisable(QuadDec_Rem_ISR_NUMBER);
 211:Generated_Source\PSoC5/QuadDec_Rem.c **** 
 212:Generated_Source\PSoC5/QuadDec_Rem.c ****         tmpCnt = QuadDec_Rem_Cnt16_ReadCounter();
 213:Generated_Source\PSoC5/QuadDec_Rem.c ****         hwCount = (int16) ((int32) tmpCnt - (int32) QuadDec_Rem_COUNTER_INIT_VALUE);
 214:Generated_Source\PSoC5/QuadDec_Rem.c ****         count = QuadDec_Rem_count32SoftPart + hwCount;
 215:Generated_Source\PSoC5/QuadDec_Rem.c **** 
 216:Generated_Source\PSoC5/QuadDec_Rem.c ****         CyIntEnable(QuadDec_Rem_ISR_NUMBER);
 217:Generated_Source\PSoC5/QuadDec_Rem.c ****     #else 
 218:Generated_Source\PSoC5/QuadDec_Rem.c ****         /* (QuadDec_Rem_COUNTER_SIZE == QuadDec_Rem_COUNTER_SIZE_8_BIT) || 
 219:Generated_Source\PSoC5/QuadDec_Rem.c ****         *  (QuadDec_Rem_COUNTER_SIZE == QuadDec_Rem_COUNTER_SIZE_16_BIT)
 220:Generated_Source\PSoC5/QuadDec_Rem.c ****         */
 221:Generated_Source\PSoC5/QuadDec_Rem.c ****         #if (QuadDec_Rem_COUNTER_SIZE == QuadDec_Rem_COUNTER_SIZE_8_BIT)
 222:Generated_Source\PSoC5/QuadDec_Rem.c ****             tmpCnt = QuadDec_Rem_Cnt8_ReadCounter();
  92              		.loc 1 222 0
  93 0002 FFF7FEFF 		bl	QuadDec_Rem_Cnt8_ReadCounter
  94              	.LVL3:
 223:Generated_Source\PSoC5/QuadDec_Rem.c ****         #else /* (QuadDec_Rem_COUNTER_SIZE == QuadDec_Rem_COUNTER_SIZE_16_BIT) */
 224:Generated_Source\PSoC5/QuadDec_Rem.c ****             tmpCnt = QuadDec_Rem_Cnt16_ReadCounter();
 225:Generated_Source\PSoC5/QuadDec_Rem.c ****         #endif  /* QuadDec_Rem_COUNTER_SIZE == QuadDec_Rem_COUNTER_SIZE_8_BIT */
 226:Generated_Source\PSoC5/QuadDec_Rem.c **** 
 227:Generated_Source\PSoC5/QuadDec_Rem.c ****         count = (int8) ((int16) tmpCnt -
  95              		.loc 1 227 0
  96 0006 8038     		subs	r0, r0, #128
  97              	.LVL4:
 228:Generated_Source\PSoC5/QuadDec_Rem.c ****                 (int16) QuadDec_Rem_COUNTER_INIT_VALUE);
 229:Generated_Source\PSoC5/QuadDec_Rem.c **** 
 230:Generated_Source\PSoC5/QuadDec_Rem.c ****     #endif /* QuadDec_Rem_COUNTER_SIZE == QuadDec_Rem_COUNTER_SIZE_32_BIT */ 
 231:Generated_Source\PSoC5/QuadDec_Rem.c **** 
 232:Generated_Source\PSoC5/QuadDec_Rem.c ****     return (count);
 233:Generated_Source\PSoC5/QuadDec_Rem.c **** }
  98              		.loc 1 233 0
  99 0008 40B2     		sxtb	r0, r0
 100 000a 08BD     		pop	{r3, pc}
 101              		.cfi_endproc
 102              	.LFE4:
 103              		.size	QuadDec_Rem_GetCounter, .-QuadDec_Rem_GetCounter
 104              		.section	.text.QuadDec_Rem_SetCounter,"ax",%progbits
 105              		.align	2
 106              		.global	QuadDec_Rem_SetCounter
 107              		.thumb
 108              		.thumb_func
 109              		.type	QuadDec_Rem_SetCounter, %function
ARM GAS  C:\Users\Dan\AppData\Local\Temp\ccI9PlTc.s 			page 7


 110              	QuadDec_Rem_SetCounter:
 111              	.LFB5:
 234:Generated_Source\PSoC5/QuadDec_Rem.c **** 
 235:Generated_Source\PSoC5/QuadDec_Rem.c **** 
 236:Generated_Source\PSoC5/QuadDec_Rem.c **** /*******************************************************************************
 237:Generated_Source\PSoC5/QuadDec_Rem.c **** * Function Name: QuadDec_Rem_SetCounter
 238:Generated_Source\PSoC5/QuadDec_Rem.c **** ********************************************************************************
 239:Generated_Source\PSoC5/QuadDec_Rem.c **** *
 240:Generated_Source\PSoC5/QuadDec_Rem.c **** * Summary:
 241:Generated_Source\PSoC5/QuadDec_Rem.c **** *  Sets the current value of the counter.
 242:Generated_Source\PSoC5/QuadDec_Rem.c **** *
 243:Generated_Source\PSoC5/QuadDec_Rem.c **** * Parameters:
 244:Generated_Source\PSoC5/QuadDec_Rem.c **** *  value:  The new value. Parameter type is signed and per the counter size
 245:Generated_Source\PSoC5/QuadDec_Rem.c **** *  setting.
 246:Generated_Source\PSoC5/QuadDec_Rem.c **** *
 247:Generated_Source\PSoC5/QuadDec_Rem.c **** * Return:
 248:Generated_Source\PSoC5/QuadDec_Rem.c **** *  None.
 249:Generated_Source\PSoC5/QuadDec_Rem.c **** *
 250:Generated_Source\PSoC5/QuadDec_Rem.c **** * Global variables:
 251:Generated_Source\PSoC5/QuadDec_Rem.c **** *  QuadDec_Rem_count32SoftPart - modified to set hi 16 bit for current
 252:Generated_Source\PSoC5/QuadDec_Rem.c **** *  value of the 32-bit counter, when Counter size equal 32-bit.
 253:Generated_Source\PSoC5/QuadDec_Rem.c **** *
 254:Generated_Source\PSoC5/QuadDec_Rem.c **** * Reentrant:
 255:Generated_Source\PSoC5/QuadDec_Rem.c **** *  No.
 256:Generated_Source\PSoC5/QuadDec_Rem.c **** *
 257:Generated_Source\PSoC5/QuadDec_Rem.c **** *******************************************************************************/
 258:Generated_Source\PSoC5/QuadDec_Rem.c **** void QuadDec_Rem_SetCounter(int8 value) 
 259:Generated_Source\PSoC5/QuadDec_Rem.c **** {
 112              		.loc 1 259 0
 113              		.cfi_startproc
 114              		@ args = 0, pretend = 0, frame = 0
 115              		@ frame_needed = 0, uses_anonymous_args = 0
 116              	.LVL5:
 117 0000 08B5     		push	{r3, lr}
 118              		.cfi_def_cfa_offset 8
 119              		.cfi_offset 3, -8
 120              		.cfi_offset 14, -4
 260:Generated_Source\PSoC5/QuadDec_Rem.c ****     #if ((QuadDec_Rem_COUNTER_SIZE == QuadDec_Rem_COUNTER_SIZE_8_BIT) || \
 261:Generated_Source\PSoC5/QuadDec_Rem.c ****          (QuadDec_Rem_COUNTER_SIZE == QuadDec_Rem_COUNTER_SIZE_16_BIT))
 262:Generated_Source\PSoC5/QuadDec_Rem.c ****         uint8 count;
 263:Generated_Source\PSoC5/QuadDec_Rem.c ****         
 264:Generated_Source\PSoC5/QuadDec_Rem.c ****         if (value >= 0)
 121              		.loc 1 264 0
 122 0002 0028     		cmp	r0, #0
 123              	.LVL6:
 124 0004 03DB     		blt	.L9
 265:Generated_Source\PSoC5/QuadDec_Rem.c ****         {
 266:Generated_Source\PSoC5/QuadDec_Rem.c ****             count = (uint8) value + QuadDec_Rem_COUNTER_INIT_VALUE;
 125              		.loc 1 266 0
 126 0006 C0B2     		uxtb	r0, r0
 127 0008 80F08000 		eor	r0, r0, #128
 128              	.LVL7:
 129 000c 01E0     		b	.L10
 130              	.LVL8:
 131              	.L9:
 267:Generated_Source\PSoC5/QuadDec_Rem.c ****         }
 268:Generated_Source\PSoC5/QuadDec_Rem.c ****         else
ARM GAS  C:\Users\Dan\AppData\Local\Temp\ccI9PlTc.s 			page 8


 269:Generated_Source\PSoC5/QuadDec_Rem.c ****         {
 270:Generated_Source\PSoC5/QuadDec_Rem.c ****             count = QuadDec_Rem_COUNTER_INIT_VALUE - (uint8)(-value);
 132              		.loc 1 270 0
 133 000e 8038     		subs	r0, r0, #128
 134 0010 C0B2     		uxtb	r0, r0
 135              	.LVL9:
 136              	.L10:
 271:Generated_Source\PSoC5/QuadDec_Rem.c ****         }
 272:Generated_Source\PSoC5/QuadDec_Rem.c ****         #if (QuadDec_Rem_COUNTER_SIZE == QuadDec_Rem_COUNTER_SIZE_8_BIT)
 273:Generated_Source\PSoC5/QuadDec_Rem.c ****             QuadDec_Rem_Cnt8_WriteCounter(count);
 137              		.loc 1 273 0
 138 0012 FFF7FEFF 		bl	QuadDec_Rem_Cnt8_WriteCounter
 139              	.LVL10:
 140 0016 08BD     		pop	{r3, pc}
 141              		.cfi_endproc
 142              	.LFE5:
 143              		.size	QuadDec_Rem_SetCounter, .-QuadDec_Rem_SetCounter
 144              		.section	.text.QuadDec_Rem_GetEvents,"ax",%progbits
 145              		.align	2
 146              		.global	QuadDec_Rem_GetEvents
 147              		.thumb
 148              		.thumb_func
 149              		.type	QuadDec_Rem_GetEvents, %function
 150              	QuadDec_Rem_GetEvents:
 151              	.LFB6:
 274:Generated_Source\PSoC5/QuadDec_Rem.c ****         #else /* (QuadDec_Rem_COUNTER_SIZE == QuadDec_Rem_COUNTER_SIZE_16_BIT) */
 275:Generated_Source\PSoC5/QuadDec_Rem.c ****             QuadDec_Rem_Cnt16_WriteCounter(count);
 276:Generated_Source\PSoC5/QuadDec_Rem.c ****         #endif  /* QuadDec_Rem_COUNTER_SIZE == QuadDec_Rem_COUNTER_SIZE_8_BIT */
 277:Generated_Source\PSoC5/QuadDec_Rem.c ****     #else /* (QuadDec_Rem_COUNTER_SIZE == QuadDec_Rem_COUNTER_SIZE_32_BIT) */
 278:Generated_Source\PSoC5/QuadDec_Rem.c ****         CyIntDisable(QuadDec_Rem_ISR_NUMBER);
 279:Generated_Source\PSoC5/QuadDec_Rem.c **** 
 280:Generated_Source\PSoC5/QuadDec_Rem.c ****         QuadDec_Rem_Cnt16_WriteCounter(QuadDec_Rem_COUNTER_INIT_VALUE);
 281:Generated_Source\PSoC5/QuadDec_Rem.c ****         QuadDec_Rem_count32SoftPart = value;
 282:Generated_Source\PSoC5/QuadDec_Rem.c **** 
 283:Generated_Source\PSoC5/QuadDec_Rem.c ****         CyIntEnable(QuadDec_Rem_ISR_NUMBER);
 284:Generated_Source\PSoC5/QuadDec_Rem.c ****     #endif  /* (QuadDec_Rem_COUNTER_SIZE == QuadDec_Rem_COUNTER_SIZE_8_BIT) ||
 285:Generated_Source\PSoC5/QuadDec_Rem.c ****              * (QuadDec_Rem_COUNTER_SIZE == QuadDec_Rem_COUNTER_SIZE_16_BIT)
 286:Generated_Source\PSoC5/QuadDec_Rem.c ****              */
 287:Generated_Source\PSoC5/QuadDec_Rem.c **** }
 288:Generated_Source\PSoC5/QuadDec_Rem.c **** 
 289:Generated_Source\PSoC5/QuadDec_Rem.c **** 
 290:Generated_Source\PSoC5/QuadDec_Rem.c **** /*******************************************************************************
 291:Generated_Source\PSoC5/QuadDec_Rem.c **** * Function Name: QuadDec_Rem_GetEvents
 292:Generated_Source\PSoC5/QuadDec_Rem.c **** ********************************************************************************
 293:Generated_Source\PSoC5/QuadDec_Rem.c **** * 
 294:Generated_Source\PSoC5/QuadDec_Rem.c **** * Summary:
 295:Generated_Source\PSoC5/QuadDec_Rem.c **** *   Reports the current status of events. This function clears the bits of the 
 296:Generated_Source\PSoC5/QuadDec_Rem.c **** *   status register.
 297:Generated_Source\PSoC5/QuadDec_Rem.c **** *
 298:Generated_Source\PSoC5/QuadDec_Rem.c **** * Parameters:
 299:Generated_Source\PSoC5/QuadDec_Rem.c **** *  None.
 300:Generated_Source\PSoC5/QuadDec_Rem.c **** *
 301:Generated_Source\PSoC5/QuadDec_Rem.c **** * Return:
 302:Generated_Source\PSoC5/QuadDec_Rem.c **** *  The events, as bits in an unsigned 8-bit value:
 303:Generated_Source\PSoC5/QuadDec_Rem.c **** *    Bit      Description
 304:Generated_Source\PSoC5/QuadDec_Rem.c **** *     0        Counter overflow.
 305:Generated_Source\PSoC5/QuadDec_Rem.c **** *     1        Counter underflow.
ARM GAS  C:\Users\Dan\AppData\Local\Temp\ccI9PlTc.s 			page 9


 306:Generated_Source\PSoC5/QuadDec_Rem.c **** *     2        Counter reset due to index, if index input is used.
 307:Generated_Source\PSoC5/QuadDec_Rem.c **** *     3        Invalid A, B inputs state transition.
 308:Generated_Source\PSoC5/QuadDec_Rem.c **** *
 309:Generated_Source\PSoC5/QuadDec_Rem.c **** *******************************************************************************/
 310:Generated_Source\PSoC5/QuadDec_Rem.c **** uint8 QuadDec_Rem_GetEvents(void) 
 311:Generated_Source\PSoC5/QuadDec_Rem.c **** {
 152              		.loc 1 311 0
 153              		.cfi_startproc
 154              		@ args = 0, pretend = 0, frame = 0
 155              		@ frame_needed = 0, uses_anonymous_args = 0
 156              		@ link register save eliminated.
 312:Generated_Source\PSoC5/QuadDec_Rem.c ****     return (QuadDec_Rem_STATUS_REG & QuadDec_Rem_INIT_INT_MASK);
 157              		.loc 1 312 0
 158 0000 024B     		ldr	r3, .L13
 159 0002 1878     		ldrb	r0, [r3]	@ zero_extendqisi2
 313:Generated_Source\PSoC5/QuadDec_Rem.c **** }
 160              		.loc 1 313 0
 161 0004 00F00F00 		and	r0, r0, #15
 162 0008 7047     		bx	lr
 163              	.L14:
 164 000a 00BF     		.align	2
 165              	.L13:
 166 000c 6A650040 		.word	1073767786
 167              		.cfi_endproc
 168              	.LFE6:
 169              		.size	QuadDec_Rem_GetEvents, .-QuadDec_Rem_GetEvents
 170              		.section	.text.QuadDec_Rem_SetInterruptMask,"ax",%progbits
 171              		.align	2
 172              		.global	QuadDec_Rem_SetInterruptMask
 173              		.thumb
 174              		.thumb_func
 175              		.type	QuadDec_Rem_SetInterruptMask, %function
 176              	QuadDec_Rem_SetInterruptMask:
 177              	.LFB7:
 314:Generated_Source\PSoC5/QuadDec_Rem.c **** 
 315:Generated_Source\PSoC5/QuadDec_Rem.c **** 
 316:Generated_Source\PSoC5/QuadDec_Rem.c **** /*******************************************************************************
 317:Generated_Source\PSoC5/QuadDec_Rem.c **** * Function Name: QuadDec_Rem_SetInterruptMask
 318:Generated_Source\PSoC5/QuadDec_Rem.c **** ********************************************************************************
 319:Generated_Source\PSoC5/QuadDec_Rem.c **** *
 320:Generated_Source\PSoC5/QuadDec_Rem.c **** * Summary:
 321:Generated_Source\PSoC5/QuadDec_Rem.c **** *  Enables / disables interrupts due to the events.
 322:Generated_Source\PSoC5/QuadDec_Rem.c **** *  For the 32-bit counter, the overflow, underflow and reset interrupts cannot
 323:Generated_Source\PSoC5/QuadDec_Rem.c **** *  be disabled, these bits are ignored.
 324:Generated_Source\PSoC5/QuadDec_Rem.c **** *
 325:Generated_Source\PSoC5/QuadDec_Rem.c **** * Parameters:
 326:Generated_Source\PSoC5/QuadDec_Rem.c **** *  mask: Enable / disable bits in an 8-bit value, where 1 enables the interrupt.
 327:Generated_Source\PSoC5/QuadDec_Rem.c **** *
 328:Generated_Source\PSoC5/QuadDec_Rem.c **** * Return:
 329:Generated_Source\PSoC5/QuadDec_Rem.c **** *  None.
 330:Generated_Source\PSoC5/QuadDec_Rem.c **** *
 331:Generated_Source\PSoC5/QuadDec_Rem.c **** *******************************************************************************/
 332:Generated_Source\PSoC5/QuadDec_Rem.c **** void QuadDec_Rem_SetInterruptMask(uint8 mask) 
 333:Generated_Source\PSoC5/QuadDec_Rem.c **** {
 178              		.loc 1 333 0
 179              		.cfi_startproc
 180              		@ args = 0, pretend = 0, frame = 0
ARM GAS  C:\Users\Dan\AppData\Local\Temp\ccI9PlTc.s 			page 10


 181              		@ frame_needed = 0, uses_anonymous_args = 0
 182              		@ link register save eliminated.
 183              	.LVL11:
 334:Generated_Source\PSoC5/QuadDec_Rem.c ****     #if (QuadDec_Rem_COUNTER_SIZE == QuadDec_Rem_COUNTER_SIZE_32_BIT)
 335:Generated_Source\PSoC5/QuadDec_Rem.c ****         /* Underflow, Overflow and Reset interrupts for 32-bit Counter are always enable */
 336:Generated_Source\PSoC5/QuadDec_Rem.c ****         mask |= (QuadDec_Rem_COUNTER_OVERFLOW | QuadDec_Rem_COUNTER_UNDERFLOW |
 337:Generated_Source\PSoC5/QuadDec_Rem.c ****                  QuadDec_Rem_COUNTER_RESET);
 338:Generated_Source\PSoC5/QuadDec_Rem.c ****     #endif /* QuadDec_Rem_COUNTER_SIZE == QuadDec_Rem_COUNTER_SIZE_32_BIT */
 339:Generated_Source\PSoC5/QuadDec_Rem.c **** 
 340:Generated_Source\PSoC5/QuadDec_Rem.c ****     QuadDec_Rem_STATUS_MASK = mask;
 184              		.loc 1 340 0
 185 0000 014B     		ldr	r3, .L16
 186 0002 1870     		strb	r0, [r3]
 187 0004 7047     		bx	lr
 188              	.L17:
 189 0006 00BF     		.align	2
 190              	.L16:
 191 0008 8A650040 		.word	1073767818
 192              		.cfi_endproc
 193              	.LFE7:
 194              		.size	QuadDec_Rem_SetInterruptMask, .-QuadDec_Rem_SetInterruptMask
 195              		.section	.text.QuadDec_Rem_Enable,"ax",%progbits
 196              		.align	2
 197              		.global	QuadDec_Rem_Enable
 198              		.thumb
 199              		.thumb_func
 200              		.type	QuadDec_Rem_Enable, %function
 201              	QuadDec_Rem_Enable:
 202              	.LFB1:
  71:Generated_Source\PSoC5/QuadDec_Rem.c ****     uint8 enableInterrupts;
 203              		.loc 1 71 0
 204              		.cfi_startproc
 205              		@ args = 0, pretend = 0, frame = 0
 206              		@ frame_needed = 0, uses_anonymous_args = 0
 207 0000 08B5     		push	{r3, lr}
 208              		.cfi_def_cfa_offset 8
 209              		.cfi_offset 3, -8
 210              		.cfi_offset 14, -4
  74:Generated_Source\PSoC5/QuadDec_Rem.c **** 
 211              		.loc 1 74 0
 212 0002 0F20     		movs	r0, #15
 213 0004 FFF7FEFF 		bl	QuadDec_Rem_SetInterruptMask
 214              	.LVL12:
  77:Generated_Source\PSoC5/QuadDec_Rem.c ****     
 215              		.loc 1 77 0
 216 0008 FFF7FEFF 		bl	QuadDec_Rem_GetEvents
 217              	.LVL13:
  79:Generated_Source\PSoC5/QuadDec_Rem.c **** 
 218              		.loc 1 79 0
 219 000c FFF7FEFF 		bl	CyEnterCriticalSection
 220              	.LVL14:
  82:Generated_Source\PSoC5/QuadDec_Rem.c **** 
 221              		.loc 1 82 0
 222 0010 034A     		ldr	r2, .L20
 223 0012 1378     		ldrb	r3, [r2]	@ zero_extendqisi2
 224 0014 43F01003 		orr	r3, r3, #16
 225 0018 1370     		strb	r3, [r2]
ARM GAS  C:\Users\Dan\AppData\Local\Temp\ccI9PlTc.s 			page 11


  84:Generated_Source\PSoC5/QuadDec_Rem.c **** 
 226              		.loc 1 84 0
 227 001a FFF7FEFF 		bl	CyExitCriticalSection
 228              	.LVL15:
 229 001e 08BD     		pop	{r3, pc}
 230              	.L21:
 231              		.align	2
 232              	.L20:
 233 0020 9A650040 		.word	1073767834
 234              		.cfi_endproc
 235              	.LFE1:
 236              		.size	QuadDec_Rem_Enable, .-QuadDec_Rem_Enable
 237              		.section	.text.QuadDec_Rem_Start,"ax",%progbits
 238              		.align	2
 239              		.global	QuadDec_Rem_Start
 240              		.thumb
 241              		.thumb_func
 242              		.type	QuadDec_Rem_Start, %function
 243              	QuadDec_Rem_Start:
 244              	.LFB2:
 117:Generated_Source\PSoC5/QuadDec_Rem.c ****     #if (QuadDec_Rem_COUNTER_SIZE == QuadDec_Rem_COUNTER_SIZE_8_BIT)
 245              		.loc 1 117 0
 246              		.cfi_startproc
 247              		@ args = 0, pretend = 0, frame = 0
 248              		@ frame_needed = 0, uses_anonymous_args = 0
 249 0000 08B5     		push	{r3, lr}
 250              		.cfi_def_cfa_offset 8
 251              		.cfi_offset 3, -8
 252              		.cfi_offset 14, -4
 119:Generated_Source\PSoC5/QuadDec_Rem.c ****         QuadDec_Rem_Cnt8_WriteCounter(QuadDec_Rem_COUNTER_INIT_VALUE);
 253              		.loc 1 119 0
 254 0002 FFF7FEFF 		bl	QuadDec_Rem_Cnt8_Start
 255              	.LVL16:
 120:Generated_Source\PSoC5/QuadDec_Rem.c ****     #else
 256              		.loc 1 120 0
 257 0006 8020     		movs	r0, #128
 258 0008 FFF7FEFF 		bl	QuadDec_Rem_Cnt8_WriteCounter
 259              	.LVL17:
 133:Generated_Source\PSoC5/QuadDec_Rem.c ****     {
 260              		.loc 1 133 0
 261 000c 044B     		ldr	r3, .L25
 262 000e 1B78     		ldrb	r3, [r3]	@ zero_extendqisi2
 263 0010 13B9     		cbnz	r3, .L23
 136:Generated_Source\PSoC5/QuadDec_Rem.c ****     }
 264              		.loc 1 136 0
 265 0012 0122     		movs	r2, #1
 266 0014 024B     		ldr	r3, .L25
 267 0016 1A70     		strb	r2, [r3]
 268              	.L23:
 139:Generated_Source\PSoC5/QuadDec_Rem.c **** }
 269              		.loc 1 139 0
 270 0018 FFF7FEFF 		bl	QuadDec_Rem_Enable
 271              	.LVL18:
 272 001c 08BD     		pop	{r3, pc}
 273              	.L26:
 274 001e 00BF     		.align	2
 275              	.L25:
ARM GAS  C:\Users\Dan\AppData\Local\Temp\ccI9PlTc.s 			page 12


 276 0020 00000000 		.word	.LANCHOR0
 277              		.cfi_endproc
 278              	.LFE2:
 279              		.size	QuadDec_Rem_Start, .-QuadDec_Rem_Start
 280              		.section	.text.QuadDec_Rem_GetInterruptMask,"ax",%progbits
 281              		.align	2
 282              		.global	QuadDec_Rem_GetInterruptMask
 283              		.thumb
 284              		.thumb_func
 285              		.type	QuadDec_Rem_GetInterruptMask, %function
 286              	QuadDec_Rem_GetInterruptMask:
 287              	.LFB8:
 341:Generated_Source\PSoC5/QuadDec_Rem.c **** }
 342:Generated_Source\PSoC5/QuadDec_Rem.c **** 
 343:Generated_Source\PSoC5/QuadDec_Rem.c **** 
 344:Generated_Source\PSoC5/QuadDec_Rem.c **** /*******************************************************************************
 345:Generated_Source\PSoC5/QuadDec_Rem.c **** * Function Name: QuadDec_Rem_GetInterruptMask
 346:Generated_Source\PSoC5/QuadDec_Rem.c **** ********************************************************************************
 347:Generated_Source\PSoC5/QuadDec_Rem.c **** *
 348:Generated_Source\PSoC5/QuadDec_Rem.c **** * Summary:
 349:Generated_Source\PSoC5/QuadDec_Rem.c **** *  Reports the current interrupt mask settings.
 350:Generated_Source\PSoC5/QuadDec_Rem.c **** *
 351:Generated_Source\PSoC5/QuadDec_Rem.c **** * Parameters:
 352:Generated_Source\PSoC5/QuadDec_Rem.c **** *  None.
 353:Generated_Source\PSoC5/QuadDec_Rem.c **** *
 354:Generated_Source\PSoC5/QuadDec_Rem.c **** * Return:
 355:Generated_Source\PSoC5/QuadDec_Rem.c **** *  Enable / disable bits in an 8-bit value, where 1 enables the interrupt.
 356:Generated_Source\PSoC5/QuadDec_Rem.c **** *  For the 32-bit counter, the overflow, underflow and reset enable bits are
 357:Generated_Source\PSoC5/QuadDec_Rem.c **** *  always set.
 358:Generated_Source\PSoC5/QuadDec_Rem.c **** *
 359:Generated_Source\PSoC5/QuadDec_Rem.c **** *******************************************************************************/
 360:Generated_Source\PSoC5/QuadDec_Rem.c **** uint8 QuadDec_Rem_GetInterruptMask(void) 
 361:Generated_Source\PSoC5/QuadDec_Rem.c **** {
 288              		.loc 1 361 0
 289              		.cfi_startproc
 290              		@ args = 0, pretend = 0, frame = 0
 291              		@ frame_needed = 0, uses_anonymous_args = 0
 292              		@ link register save eliminated.
 362:Generated_Source\PSoC5/QuadDec_Rem.c ****     return (QuadDec_Rem_STATUS_MASK & QuadDec_Rem_INIT_INT_MASK);
 293              		.loc 1 362 0
 294 0000 024B     		ldr	r3, .L28
 295 0002 1878     		ldrb	r0, [r3]	@ zero_extendqisi2
 363:Generated_Source\PSoC5/QuadDec_Rem.c **** }
 296              		.loc 1 363 0
 297 0004 00F00F00 		and	r0, r0, #15
 298 0008 7047     		bx	lr
 299              	.L29:
 300 000a 00BF     		.align	2
 301              	.L28:
 302 000c 8A650040 		.word	1073767818
 303              		.cfi_endproc
 304              	.LFE8:
 305              		.size	QuadDec_Rem_GetInterruptMask, .-QuadDec_Rem_GetInterruptMask
 306              		.global	QuadDec_Rem_initVar
 307              		.bss
 308              		.set	.LANCHOR0,. + 0
 309              		.type	QuadDec_Rem_initVar, %object
ARM GAS  C:\Users\Dan\AppData\Local\Temp\ccI9PlTc.s 			page 13


 310              		.size	QuadDec_Rem_initVar, 1
 311              	QuadDec_Rem_initVar:
 312 0000 00       		.space	1
 313              		.text
 314              	.Letext0:
 315              		.file 2 "Generated_Source\\PSoC5\\cytypes.h"
 316              		.file 3 "Generated_Source\\PSoC5\\QuadDec_Rem_Cnt8.h"
 317              		.file 4 "Generated_Source\\PSoC5\\CyLib.h"
 318              		.section	.debug_info,"",%progbits
 319              	.Ldebug_info0:
 320 0000 C3020000 		.4byte	0x2c3
 321 0004 0400     		.2byte	0x4
 322 0006 00000000 		.4byte	.Ldebug_abbrev0
 323 000a 04       		.byte	0x4
 324 000b 01       		.uleb128 0x1
 325 000c 4D010000 		.4byte	.LASF36
 326 0010 0C       		.byte	0xc
 327 0011 4A000000 		.4byte	.LASF37
 328 0015 A5000000 		.4byte	.LASF38
 329 0019 00000000 		.4byte	.Ldebug_ranges0+0
 330 001d 00000000 		.4byte	0
 331 0021 00000000 		.4byte	.Ldebug_line0
 332 0025 02       		.uleb128 0x2
 333 0026 04       		.byte	0x4
 334 0027 05       		.byte	0x5
 335 0028 696E7400 		.ascii	"int\000"
 336 002c 03       		.uleb128 0x3
 337 002d 04       		.byte	0x4
 338 002e 07       		.byte	0x7
 339 002f 73020000 		.4byte	.LASF0
 340 0033 03       		.uleb128 0x3
 341 0034 08       		.byte	0x8
 342 0035 05       		.byte	0x5
 343 0036 CE020000 		.4byte	.LASF1
 344 003a 03       		.uleb128 0x3
 345 003b 08       		.byte	0x8
 346 003c 04       		.byte	0x4
 347 003d 2D030000 		.4byte	.LASF2
 348 0041 03       		.uleb128 0x3
 349 0042 01       		.byte	0x1
 350 0043 06       		.byte	0x6
 351 0044 39030000 		.4byte	.LASF3
 352 0048 03       		.uleb128 0x3
 353 0049 01       		.byte	0x1
 354 004a 08       		.byte	0x8
 355 004b 3F010000 		.4byte	.LASF4
 356 004f 03       		.uleb128 0x3
 357 0050 02       		.byte	0x2
 358 0051 05       		.byte	0x5
 359 0052 15030000 		.4byte	.LASF5
 360 0056 03       		.uleb128 0x3
 361 0057 02       		.byte	0x2
 362 0058 07       		.byte	0x7
 363 0059 92000000 		.4byte	.LASF6
 364 005d 03       		.uleb128 0x3
 365 005e 04       		.byte	0x4
 366 005f 05       		.byte	0x5
ARM GAS  C:\Users\Dan\AppData\Local\Temp\ccI9PlTc.s 			page 14


 367 0060 1F030000 		.4byte	.LASF7
 368 0064 03       		.uleb128 0x3
 369 0065 04       		.byte	0x4
 370 0066 07       		.byte	0x7
 371 0067 F7010000 		.4byte	.LASF8
 372 006b 03       		.uleb128 0x3
 373 006c 08       		.byte	0x8
 374 006d 07       		.byte	0x7
 375 006e 28010000 		.4byte	.LASF9
 376 0072 03       		.uleb128 0x3
 377 0073 04       		.byte	0x4
 378 0074 07       		.byte	0x7
 379 0075 C5020000 		.4byte	.LASF10
 380 0079 03       		.uleb128 0x3
 381 007a 01       		.byte	0x1
 382 007b 08       		.byte	0x8
 383 007c 28030000 		.4byte	.LASF11
 384 0080 04       		.uleb128 0x4
 385 0081 1C020000 		.4byte	.LASF12
 386 0085 02       		.byte	0x2
 387 0086 E401     		.2byte	0x1e4
 388 0088 48000000 		.4byte	0x48
 389 008c 04       		.uleb128 0x4
 390 008d 57020000 		.4byte	.LASF13
 391 0091 02       		.byte	0x2
 392 0092 E701     		.2byte	0x1e7
 393 0094 41000000 		.4byte	0x41
 394 0098 04       		.uleb128 0x4
 395 0099 F1010000 		.4byte	.LASF14
 396 009d 02       		.byte	0x2
 397 009e E801     		.2byte	0x1e8
 398 00a0 4F000000 		.4byte	0x4f
 399 00a4 03       		.uleb128 0x3
 400 00a5 04       		.byte	0x4
 401 00a6 04       		.byte	0x4
 402 00a7 22010000 		.4byte	.LASF15
 403 00ab 03       		.uleb128 0x3
 404 00ac 08       		.byte	0x8
 405 00ad 04       		.byte	0x4
 406 00ae 50020000 		.4byte	.LASF16
 407 00b2 04       		.uleb128 0x4
 408 00b3 EC010000 		.4byte	.LASF17
 409 00b7 02       		.byte	0x2
 410 00b8 8E02     		.2byte	0x28e
 411 00ba BE000000 		.4byte	0xbe
 412 00be 05       		.uleb128 0x5
 413 00bf 80000000 		.4byte	0x80
 414 00c3 06       		.uleb128 0x6
 415 00c4 DB010000 		.4byte	.LASF39
 416 00c8 01       		.byte	0x1
 417 00c9 2A       		.byte	0x2a
 418 00ca 00000000 		.4byte	.LFB0
 419 00ce 02000000 		.4byte	.LFE0-.LFB0
 420 00d2 01       		.uleb128 0x1
 421 00d3 9C       		.byte	0x9c
 422 00d4 07       		.uleb128 0x7
 423 00d5 B4020000 		.4byte	.LASF21
ARM GAS  C:\Users\Dan\AppData\Local\Temp\ccI9PlTc.s 			page 15


 424 00d9 01       		.byte	0x1
 425 00da 9D       		.byte	0x9d
 426 00db 00000000 		.4byte	.LFB3
 427 00df 20000000 		.4byte	.LFE3-.LFB3
 428 00e3 01       		.uleb128 0x1
 429 00e4 9C       		.byte	0x9c
 430 00e5 14010000 		.4byte	0x114
 431 00e9 08       		.uleb128 0x8
 432 00ea 38020000 		.4byte	.LASF18
 433 00ee 01       		.byte	0x1
 434 00ef 9F       		.byte	0x9f
 435 00f0 80000000 		.4byte	0x80
 436 00f4 00000000 		.4byte	.LLST0
 437 00f8 09       		.uleb128 0x9
 438 00f9 06000000 		.4byte	.LVL0
 439 00fd 84020000 		.4byte	0x284
 440 0101 09       		.uleb128 0x9
 441 0102 0A000000 		.4byte	.LVL1
 442 0106 8F020000 		.4byte	0x28f
 443 010a 09       		.uleb128 0x9
 444 010b 18000000 		.4byte	.LVL2
 445 010f 9A020000 		.4byte	0x29a
 446 0113 00       		.byte	0
 447 0114 0A       		.uleb128 0xa
 448 0115 FE020000 		.4byte	.LASF40
 449 0119 01       		.byte	0x1
 450 011a CA       		.byte	0xca
 451 011b 8C000000 		.4byte	0x8c
 452 011f 00000000 		.4byte	.LFB4
 453 0123 0C000000 		.4byte	.LFE4-.LFB4
 454 0127 01       		.uleb128 0x1
 455 0128 9C       		.byte	0x9c
 456 0129 53010000 		.4byte	0x153
 457 012d 0B       		.uleb128 0xb
 458 012e 75000000 		.4byte	.LASF19
 459 0132 01       		.byte	0x1
 460 0133 CC       		.byte	0xcc
 461 0134 8C000000 		.4byte	0x8c
 462 0138 01       		.uleb128 0x1
 463 0139 50       		.byte	0x50
 464 013a 08       		.uleb128 0x8
 465 013b 49020000 		.4byte	.LASF20
 466 013f 01       		.byte	0x1
 467 0140 CD       		.byte	0xcd
 468 0141 80000000 		.4byte	0x80
 469 0145 13000000 		.4byte	.LLST1
 470 0149 09       		.uleb128 0x9
 471 014a 06000000 		.4byte	.LVL3
 472 014e A5020000 		.4byte	0x2a5
 473 0152 00       		.byte	0
 474 0153 0C       		.uleb128 0xc
 475 0154 7B000000 		.4byte	.LASF22
 476 0158 01       		.byte	0x1
 477 0159 0201     		.2byte	0x102
 478 015b 00000000 		.4byte	.LFB5
 479 015f 18000000 		.4byte	.LFE5-.LFB5
 480 0163 01       		.uleb128 0x1
ARM GAS  C:\Users\Dan\AppData\Local\Temp\ccI9PlTc.s 			page 16


 481 0164 9C       		.byte	0x9c
 482 0165 93010000 		.4byte	0x193
 483 0169 0D       		.uleb128 0xd
 484 016a 6F000000 		.4byte	.LASF24
 485 016e 01       		.byte	0x1
 486 016f 0201     		.2byte	0x102
 487 0171 8C000000 		.4byte	0x8c
 488 0175 26000000 		.4byte	.LLST2
 489 0179 0E       		.uleb128 0xe
 490 017a 75000000 		.4byte	.LASF19
 491 017e 01       		.byte	0x1
 492 017f 0601     		.2byte	0x106
 493 0181 80000000 		.4byte	0x80
 494 0185 47000000 		.4byte	.LLST3
 495 0189 09       		.uleb128 0x9
 496 018a 16000000 		.4byte	.LVL10
 497 018e B0020000 		.4byte	0x2b0
 498 0192 00       		.byte	0
 499 0193 0F       		.uleb128 0xf
 500 0194 22020000 		.4byte	.LASF28
 501 0198 01       		.byte	0x1
 502 0199 3601     		.2byte	0x136
 503 019b 80000000 		.4byte	0x80
 504 019f 00000000 		.4byte	.LFB6
 505 01a3 10000000 		.4byte	.LFE6-.LFB6
 506 01a7 01       		.uleb128 0x1
 507 01a8 9C       		.byte	0x9c
 508 01a9 0C       		.uleb128 0xc
 509 01aa E1020000 		.4byte	.LASF23
 510 01ae 01       		.byte	0x1
 511 01af 4C01     		.2byte	0x14c
 512 01b1 00000000 		.4byte	.LFB7
 513 01b5 0C000000 		.4byte	.LFE7-.LFB7
 514 01b9 01       		.uleb128 0x1
 515 01ba 9C       		.byte	0x9c
 516 01bb CE010000 		.4byte	0x1ce
 517 01bf 10       		.uleb128 0x10
 518 01c0 DC020000 		.4byte	.LASF25
 519 01c4 01       		.byte	0x1
 520 01c5 4C01     		.2byte	0x14c
 521 01c7 80000000 		.4byte	0x80
 522 01cb 01       		.uleb128 0x1
 523 01cc 50       		.byte	0x50
 524 01cd 00       		.byte	0
 525 01ce 07       		.uleb128 0x7
 526 01cf 09020000 		.4byte	.LASF26
 527 01d3 01       		.byte	0x1
 528 01d4 46       		.byte	0x46
 529 01d5 00000000 		.4byte	.LFB1
 530 01d9 24000000 		.4byte	.LFE1-.LFB1
 531 01dd 01       		.uleb128 0x1
 532 01de 9C       		.byte	0x9c
 533 01df 21020000 		.4byte	0x221
 534 01e3 08       		.uleb128 0x8
 535 01e4 38020000 		.4byte	.LASF18
 536 01e8 01       		.byte	0x1
 537 01e9 48       		.byte	0x48
ARM GAS  C:\Users\Dan\AppData\Local\Temp\ccI9PlTc.s 			page 17


 538 01ea 80000000 		.4byte	0x80
 539 01ee 65000000 		.4byte	.LLST4
 540 01f2 11       		.uleb128 0x11
 541 01f3 08000000 		.4byte	.LVL12
 542 01f7 A9010000 		.4byte	0x1a9
 543 01fb 05020000 		.4byte	0x205
 544 01ff 12       		.uleb128 0x12
 545 0200 01       		.uleb128 0x1
 546 0201 50       		.byte	0x50
 547 0202 01       		.uleb128 0x1
 548 0203 3F       		.byte	0x3f
 549 0204 00       		.byte	0
 550 0205 09       		.uleb128 0x9
 551 0206 0C000000 		.4byte	.LVL13
 552 020a 93010000 		.4byte	0x193
 553 020e 09       		.uleb128 0x9
 554 020f 10000000 		.4byte	.LVL14
 555 0213 8F020000 		.4byte	0x28f
 556 0217 09       		.uleb128 0x9
 557 0218 1E000000 		.4byte	.LVL15
 558 021c 9A020000 		.4byte	0x29a
 559 0220 00       		.byte	0
 560 0221 07       		.uleb128 0x7
 561 0222 10010000 		.4byte	.LASF27
 562 0226 01       		.byte	0x1
 563 0227 74       		.byte	0x74
 564 0228 00000000 		.4byte	.LFB2
 565 022c 24000000 		.4byte	.LFE2-.LFB2
 566 0230 01       		.uleb128 0x1
 567 0231 9C       		.byte	0x9c
 568 0232 5D020000 		.4byte	0x25d
 569 0236 09       		.uleb128 0x9
 570 0237 06000000 		.4byte	.LVL16
 571 023b BB020000 		.4byte	0x2bb
 572 023f 11       		.uleb128 0x11
 573 0240 0C000000 		.4byte	.LVL17
 574 0244 B0020000 		.4byte	0x2b0
 575 0248 53020000 		.4byte	0x253
 576 024c 12       		.uleb128 0x12
 577 024d 01       		.uleb128 0x1
 578 024e 50       		.byte	0x50
 579 024f 02       		.uleb128 0x2
 580 0250 09       		.byte	0x9
 581 0251 80       		.byte	0x80
 582 0252 00       		.byte	0
 583 0253 09       		.uleb128 0x9
 584 0254 1C000000 		.4byte	.LVL18
 585 0258 CE010000 		.4byte	0x1ce
 586 025c 00       		.byte	0
 587 025d 0F       		.uleb128 0xf
 588 025e 16000000 		.4byte	.LASF29
 589 0262 01       		.byte	0x1
 590 0263 6801     		.2byte	0x168
 591 0265 80000000 		.4byte	0x80
 592 0269 00000000 		.4byte	.LFB8
 593 026d 10000000 		.4byte	.LFE8-.LFB8
 594 0271 01       		.uleb128 0x1
ARM GAS  C:\Users\Dan\AppData\Local\Temp\ccI9PlTc.s 			page 18


 595 0272 9C       		.byte	0x9c
 596 0273 13       		.uleb128 0x13
 597 0274 DF000000 		.4byte	.LASF41
 598 0278 01       		.byte	0x1
 599 0279 19       		.byte	0x19
 600 027a 80000000 		.4byte	0x80
 601 027e 05       		.uleb128 0x5
 602 027f 03       		.byte	0x3
 603 0280 00000000 		.4byte	QuadDec_Rem_initVar
 604 0284 14       		.uleb128 0x14
 605 0285 00000000 		.4byte	.LASF30
 606 0289 00000000 		.4byte	.LASF30
 607 028d 03       		.byte	0x3
 608 028e 50       		.byte	0x50
 609 028f 14       		.uleb128 0x14
 610 0290 5C020000 		.4byte	.LASF31
 611 0294 5C020000 		.4byte	.LASF31
 612 0298 04       		.byte	0x4
 613 0299 7D       		.byte	0x7d
 614 029a 14       		.uleb128 0x14
 615 029b 9E020000 		.4byte	.LASF32
 616 029f 9E020000 		.4byte	.LASF32
 617 02a3 04       		.byte	0x4
 618 02a4 7E       		.byte	0x7e
 619 02a5 14       		.uleb128 0x14
 620 02a6 F3000000 		.4byte	.LASF33
 621 02aa F3000000 		.4byte	.LASF33
 622 02ae 03       		.byte	0x3
 623 02af 5D       		.byte	0x5d
 624 02b0 14       		.uleb128 0x14
 625 02b1 80020000 		.4byte	.LASF34
 626 02b5 80020000 		.4byte	.LASF34
 627 02b9 03       		.byte	0x3
 628 02ba 5A       		.byte	0x5a
 629 02bb 14       		.uleb128 0x14
 630 02bc 33000000 		.4byte	.LASF35
 631 02c0 33000000 		.4byte	.LASF35
 632 02c4 03       		.byte	0x3
 633 02c5 4F       		.byte	0x4f
 634 02c6 00       		.byte	0
 635              		.section	.debug_abbrev,"",%progbits
 636              	.Ldebug_abbrev0:
 637 0000 01       		.uleb128 0x1
 638 0001 11       		.uleb128 0x11
 639 0002 01       		.byte	0x1
 640 0003 25       		.uleb128 0x25
 641 0004 0E       		.uleb128 0xe
 642 0005 13       		.uleb128 0x13
 643 0006 0B       		.uleb128 0xb
 644 0007 03       		.uleb128 0x3
 645 0008 0E       		.uleb128 0xe
 646 0009 1B       		.uleb128 0x1b
 647 000a 0E       		.uleb128 0xe
 648 000b 55       		.uleb128 0x55
 649 000c 17       		.uleb128 0x17
 650 000d 11       		.uleb128 0x11
 651 000e 01       		.uleb128 0x1
ARM GAS  C:\Users\Dan\AppData\Local\Temp\ccI9PlTc.s 			page 19


 652 000f 10       		.uleb128 0x10
 653 0010 17       		.uleb128 0x17
 654 0011 00       		.byte	0
 655 0012 00       		.byte	0
 656 0013 02       		.uleb128 0x2
 657 0014 24       		.uleb128 0x24
 658 0015 00       		.byte	0
 659 0016 0B       		.uleb128 0xb
 660 0017 0B       		.uleb128 0xb
 661 0018 3E       		.uleb128 0x3e
 662 0019 0B       		.uleb128 0xb
 663 001a 03       		.uleb128 0x3
 664 001b 08       		.uleb128 0x8
 665 001c 00       		.byte	0
 666 001d 00       		.byte	0
 667 001e 03       		.uleb128 0x3
 668 001f 24       		.uleb128 0x24
 669 0020 00       		.byte	0
 670 0021 0B       		.uleb128 0xb
 671 0022 0B       		.uleb128 0xb
 672 0023 3E       		.uleb128 0x3e
 673 0024 0B       		.uleb128 0xb
 674 0025 03       		.uleb128 0x3
 675 0026 0E       		.uleb128 0xe
 676 0027 00       		.byte	0
 677 0028 00       		.byte	0
 678 0029 04       		.uleb128 0x4
 679 002a 16       		.uleb128 0x16
 680 002b 00       		.byte	0
 681 002c 03       		.uleb128 0x3
 682 002d 0E       		.uleb128 0xe
 683 002e 3A       		.uleb128 0x3a
 684 002f 0B       		.uleb128 0xb
 685 0030 3B       		.uleb128 0x3b
 686 0031 05       		.uleb128 0x5
 687 0032 49       		.uleb128 0x49
 688 0033 13       		.uleb128 0x13
 689 0034 00       		.byte	0
 690 0035 00       		.byte	0
 691 0036 05       		.uleb128 0x5
 692 0037 35       		.uleb128 0x35
 693 0038 00       		.byte	0
 694 0039 49       		.uleb128 0x49
 695 003a 13       		.uleb128 0x13
 696 003b 00       		.byte	0
 697 003c 00       		.byte	0
 698 003d 06       		.uleb128 0x6
 699 003e 2E       		.uleb128 0x2e
 700 003f 00       		.byte	0
 701 0040 3F       		.uleb128 0x3f
 702 0041 19       		.uleb128 0x19
 703 0042 03       		.uleb128 0x3
 704 0043 0E       		.uleb128 0xe
 705 0044 3A       		.uleb128 0x3a
 706 0045 0B       		.uleb128 0xb
 707 0046 3B       		.uleb128 0x3b
 708 0047 0B       		.uleb128 0xb
ARM GAS  C:\Users\Dan\AppData\Local\Temp\ccI9PlTc.s 			page 20


 709 0048 27       		.uleb128 0x27
 710 0049 19       		.uleb128 0x19
 711 004a 11       		.uleb128 0x11
 712 004b 01       		.uleb128 0x1
 713 004c 12       		.uleb128 0x12
 714 004d 06       		.uleb128 0x6
 715 004e 40       		.uleb128 0x40
 716 004f 18       		.uleb128 0x18
 717 0050 9742     		.uleb128 0x2117
 718 0052 19       		.uleb128 0x19
 719 0053 00       		.byte	0
 720 0054 00       		.byte	0
 721 0055 07       		.uleb128 0x7
 722 0056 2E       		.uleb128 0x2e
 723 0057 01       		.byte	0x1
 724 0058 3F       		.uleb128 0x3f
 725 0059 19       		.uleb128 0x19
 726 005a 03       		.uleb128 0x3
 727 005b 0E       		.uleb128 0xe
 728 005c 3A       		.uleb128 0x3a
 729 005d 0B       		.uleb128 0xb
 730 005e 3B       		.uleb128 0x3b
 731 005f 0B       		.uleb128 0xb
 732 0060 27       		.uleb128 0x27
 733 0061 19       		.uleb128 0x19
 734 0062 11       		.uleb128 0x11
 735 0063 01       		.uleb128 0x1
 736 0064 12       		.uleb128 0x12
 737 0065 06       		.uleb128 0x6
 738 0066 40       		.uleb128 0x40
 739 0067 18       		.uleb128 0x18
 740 0068 9742     		.uleb128 0x2117
 741 006a 19       		.uleb128 0x19
 742 006b 01       		.uleb128 0x1
 743 006c 13       		.uleb128 0x13
 744 006d 00       		.byte	0
 745 006e 00       		.byte	0
 746 006f 08       		.uleb128 0x8
 747 0070 34       		.uleb128 0x34
 748 0071 00       		.byte	0
 749 0072 03       		.uleb128 0x3
 750 0073 0E       		.uleb128 0xe
 751 0074 3A       		.uleb128 0x3a
 752 0075 0B       		.uleb128 0xb
 753 0076 3B       		.uleb128 0x3b
 754 0077 0B       		.uleb128 0xb
 755 0078 49       		.uleb128 0x49
 756 0079 13       		.uleb128 0x13
 757 007a 02       		.uleb128 0x2
 758 007b 17       		.uleb128 0x17
 759 007c 00       		.byte	0
 760 007d 00       		.byte	0
 761 007e 09       		.uleb128 0x9
 762 007f 898201   		.uleb128 0x4109
 763 0082 00       		.byte	0
 764 0083 11       		.uleb128 0x11
 765 0084 01       		.uleb128 0x1
ARM GAS  C:\Users\Dan\AppData\Local\Temp\ccI9PlTc.s 			page 21


 766 0085 31       		.uleb128 0x31
 767 0086 13       		.uleb128 0x13
 768 0087 00       		.byte	0
 769 0088 00       		.byte	0
 770 0089 0A       		.uleb128 0xa
 771 008a 2E       		.uleb128 0x2e
 772 008b 01       		.byte	0x1
 773 008c 3F       		.uleb128 0x3f
 774 008d 19       		.uleb128 0x19
 775 008e 03       		.uleb128 0x3
 776 008f 0E       		.uleb128 0xe
 777 0090 3A       		.uleb128 0x3a
 778 0091 0B       		.uleb128 0xb
 779 0092 3B       		.uleb128 0x3b
 780 0093 0B       		.uleb128 0xb
 781 0094 27       		.uleb128 0x27
 782 0095 19       		.uleb128 0x19
 783 0096 49       		.uleb128 0x49
 784 0097 13       		.uleb128 0x13
 785 0098 11       		.uleb128 0x11
 786 0099 01       		.uleb128 0x1
 787 009a 12       		.uleb128 0x12
 788 009b 06       		.uleb128 0x6
 789 009c 40       		.uleb128 0x40
 790 009d 18       		.uleb128 0x18
 791 009e 9742     		.uleb128 0x2117
 792 00a0 19       		.uleb128 0x19
 793 00a1 01       		.uleb128 0x1
 794 00a2 13       		.uleb128 0x13
 795 00a3 00       		.byte	0
 796 00a4 00       		.byte	0
 797 00a5 0B       		.uleb128 0xb
 798 00a6 34       		.uleb128 0x34
 799 00a7 00       		.byte	0
 800 00a8 03       		.uleb128 0x3
 801 00a9 0E       		.uleb128 0xe
 802 00aa 3A       		.uleb128 0x3a
 803 00ab 0B       		.uleb128 0xb
 804 00ac 3B       		.uleb128 0x3b
 805 00ad 0B       		.uleb128 0xb
 806 00ae 49       		.uleb128 0x49
 807 00af 13       		.uleb128 0x13
 808 00b0 02       		.uleb128 0x2
 809 00b1 18       		.uleb128 0x18
 810 00b2 00       		.byte	0
 811 00b3 00       		.byte	0
 812 00b4 0C       		.uleb128 0xc
 813 00b5 2E       		.uleb128 0x2e
 814 00b6 01       		.byte	0x1
 815 00b7 3F       		.uleb128 0x3f
 816 00b8 19       		.uleb128 0x19
 817 00b9 03       		.uleb128 0x3
 818 00ba 0E       		.uleb128 0xe
 819 00bb 3A       		.uleb128 0x3a
 820 00bc 0B       		.uleb128 0xb
 821 00bd 3B       		.uleb128 0x3b
 822 00be 05       		.uleb128 0x5
ARM GAS  C:\Users\Dan\AppData\Local\Temp\ccI9PlTc.s 			page 22


 823 00bf 27       		.uleb128 0x27
 824 00c0 19       		.uleb128 0x19
 825 00c1 11       		.uleb128 0x11
 826 00c2 01       		.uleb128 0x1
 827 00c3 12       		.uleb128 0x12
 828 00c4 06       		.uleb128 0x6
 829 00c5 40       		.uleb128 0x40
 830 00c6 18       		.uleb128 0x18
 831 00c7 9742     		.uleb128 0x2117
 832 00c9 19       		.uleb128 0x19
 833 00ca 01       		.uleb128 0x1
 834 00cb 13       		.uleb128 0x13
 835 00cc 00       		.byte	0
 836 00cd 00       		.byte	0
 837 00ce 0D       		.uleb128 0xd
 838 00cf 05       		.uleb128 0x5
 839 00d0 00       		.byte	0
 840 00d1 03       		.uleb128 0x3
 841 00d2 0E       		.uleb128 0xe
 842 00d3 3A       		.uleb128 0x3a
 843 00d4 0B       		.uleb128 0xb
 844 00d5 3B       		.uleb128 0x3b
 845 00d6 05       		.uleb128 0x5
 846 00d7 49       		.uleb128 0x49
 847 00d8 13       		.uleb128 0x13
 848 00d9 02       		.uleb128 0x2
 849 00da 17       		.uleb128 0x17
 850 00db 00       		.byte	0
 851 00dc 00       		.byte	0
 852 00dd 0E       		.uleb128 0xe
 853 00de 34       		.uleb128 0x34
 854 00df 00       		.byte	0
 855 00e0 03       		.uleb128 0x3
 856 00e1 0E       		.uleb128 0xe
 857 00e2 3A       		.uleb128 0x3a
 858 00e3 0B       		.uleb128 0xb
 859 00e4 3B       		.uleb128 0x3b
 860 00e5 05       		.uleb128 0x5
 861 00e6 49       		.uleb128 0x49
 862 00e7 13       		.uleb128 0x13
 863 00e8 02       		.uleb128 0x2
 864 00e9 17       		.uleb128 0x17
 865 00ea 00       		.byte	0
 866 00eb 00       		.byte	0
 867 00ec 0F       		.uleb128 0xf
 868 00ed 2E       		.uleb128 0x2e
 869 00ee 00       		.byte	0
 870 00ef 3F       		.uleb128 0x3f
 871 00f0 19       		.uleb128 0x19
 872 00f1 03       		.uleb128 0x3
 873 00f2 0E       		.uleb128 0xe
 874 00f3 3A       		.uleb128 0x3a
 875 00f4 0B       		.uleb128 0xb
 876 00f5 3B       		.uleb128 0x3b
 877 00f6 05       		.uleb128 0x5
 878 00f7 27       		.uleb128 0x27
 879 00f8 19       		.uleb128 0x19
ARM GAS  C:\Users\Dan\AppData\Local\Temp\ccI9PlTc.s 			page 23


 880 00f9 49       		.uleb128 0x49
 881 00fa 13       		.uleb128 0x13
 882 00fb 11       		.uleb128 0x11
 883 00fc 01       		.uleb128 0x1
 884 00fd 12       		.uleb128 0x12
 885 00fe 06       		.uleb128 0x6
 886 00ff 40       		.uleb128 0x40
 887 0100 18       		.uleb128 0x18
 888 0101 9742     		.uleb128 0x2117
 889 0103 19       		.uleb128 0x19
 890 0104 00       		.byte	0
 891 0105 00       		.byte	0
 892 0106 10       		.uleb128 0x10
 893 0107 05       		.uleb128 0x5
 894 0108 00       		.byte	0
 895 0109 03       		.uleb128 0x3
 896 010a 0E       		.uleb128 0xe
 897 010b 3A       		.uleb128 0x3a
 898 010c 0B       		.uleb128 0xb
 899 010d 3B       		.uleb128 0x3b
 900 010e 05       		.uleb128 0x5
 901 010f 49       		.uleb128 0x49
 902 0110 13       		.uleb128 0x13
 903 0111 02       		.uleb128 0x2
 904 0112 18       		.uleb128 0x18
 905 0113 00       		.byte	0
 906 0114 00       		.byte	0
 907 0115 11       		.uleb128 0x11
 908 0116 898201   		.uleb128 0x4109
 909 0119 01       		.byte	0x1
 910 011a 11       		.uleb128 0x11
 911 011b 01       		.uleb128 0x1
 912 011c 31       		.uleb128 0x31
 913 011d 13       		.uleb128 0x13
 914 011e 01       		.uleb128 0x1
 915 011f 13       		.uleb128 0x13
 916 0120 00       		.byte	0
 917 0121 00       		.byte	0
 918 0122 12       		.uleb128 0x12
 919 0123 8A8201   		.uleb128 0x410a
 920 0126 00       		.byte	0
 921 0127 02       		.uleb128 0x2
 922 0128 18       		.uleb128 0x18
 923 0129 9142     		.uleb128 0x2111
 924 012b 18       		.uleb128 0x18
 925 012c 00       		.byte	0
 926 012d 00       		.byte	0
 927 012e 13       		.uleb128 0x13
 928 012f 34       		.uleb128 0x34
 929 0130 00       		.byte	0
 930 0131 03       		.uleb128 0x3
 931 0132 0E       		.uleb128 0xe
 932 0133 3A       		.uleb128 0x3a
 933 0134 0B       		.uleb128 0xb
 934 0135 3B       		.uleb128 0x3b
 935 0136 0B       		.uleb128 0xb
 936 0137 49       		.uleb128 0x49
ARM GAS  C:\Users\Dan\AppData\Local\Temp\ccI9PlTc.s 			page 24


 937 0138 13       		.uleb128 0x13
 938 0139 3F       		.uleb128 0x3f
 939 013a 19       		.uleb128 0x19
 940 013b 02       		.uleb128 0x2
 941 013c 18       		.uleb128 0x18
 942 013d 00       		.byte	0
 943 013e 00       		.byte	0
 944 013f 14       		.uleb128 0x14
 945 0140 2E       		.uleb128 0x2e
 946 0141 00       		.byte	0
 947 0142 3F       		.uleb128 0x3f
 948 0143 19       		.uleb128 0x19
 949 0144 3C       		.uleb128 0x3c
 950 0145 19       		.uleb128 0x19
 951 0146 6E       		.uleb128 0x6e
 952 0147 0E       		.uleb128 0xe
 953 0148 03       		.uleb128 0x3
 954 0149 0E       		.uleb128 0xe
 955 014a 3A       		.uleb128 0x3a
 956 014b 0B       		.uleb128 0xb
 957 014c 3B       		.uleb128 0x3b
 958 014d 0B       		.uleb128 0xb
 959 014e 00       		.byte	0
 960 014f 00       		.byte	0
 961 0150 00       		.byte	0
 962              		.section	.debug_loc,"",%progbits
 963              	.Ldebug_loc0:
 964              	.LLST0:
 965 0000 0A000000 		.4byte	.LVL1
 966 0004 17000000 		.4byte	.LVL2-1
 967 0008 0100     		.2byte	0x1
 968 000a 50       		.byte	0x50
 969 000b 00000000 		.4byte	0
 970 000f 00000000 		.4byte	0
 971              	.LLST1:
 972 0013 06000000 		.4byte	.LVL3
 973 0017 08000000 		.4byte	.LVL4
 974 001b 0100     		.2byte	0x1
 975 001d 50       		.byte	0x50
 976 001e 00000000 		.4byte	0
 977 0022 00000000 		.4byte	0
 978              	.LLST2:
 979 0026 00000000 		.4byte	.LVL5
 980 002a 04000000 		.4byte	.LVL6
 981 002e 0100     		.2byte	0x1
 982 0030 50       		.byte	0x50
 983 0031 04000000 		.4byte	.LVL6
 984 0035 18000000 		.4byte	.LFE5
 985 0039 0400     		.2byte	0x4
 986 003b F3       		.byte	0xf3
 987 003c 01       		.uleb128 0x1
 988 003d 50       		.byte	0x50
 989 003e 9F       		.byte	0x9f
 990 003f 00000000 		.4byte	0
 991 0043 00000000 		.4byte	0
 992              	.LLST3:
 993 0047 0C000000 		.4byte	.LVL7
ARM GAS  C:\Users\Dan\AppData\Local\Temp\ccI9PlTc.s 			page 25


 994 004b 0E000000 		.4byte	.LVL8
 995 004f 0100     		.2byte	0x1
 996 0051 50       		.byte	0x50
 997 0052 12000000 		.4byte	.LVL9
 998 0056 15000000 		.4byte	.LVL10-1
 999 005a 0100     		.2byte	0x1
 1000 005c 50       		.byte	0x50
 1001 005d 00000000 		.4byte	0
 1002 0061 00000000 		.4byte	0
 1003              	.LLST4:
 1004 0065 10000000 		.4byte	.LVL14
 1005 0069 1D000000 		.4byte	.LVL15-1
 1006 006d 0100     		.2byte	0x1
 1007 006f 50       		.byte	0x50
 1008 0070 00000000 		.4byte	0
 1009 0074 00000000 		.4byte	0
 1010              		.section	.debug_aranges,"",%progbits
 1011 0000 5C000000 		.4byte	0x5c
 1012 0004 0200     		.2byte	0x2
 1013 0006 00000000 		.4byte	.Ldebug_info0
 1014 000a 04       		.byte	0x4
 1015 000b 00       		.byte	0
 1016 000c 0000     		.2byte	0
 1017 000e 0000     		.2byte	0
 1018 0010 00000000 		.4byte	.LFB0
 1019 0014 02000000 		.4byte	.LFE0-.LFB0
 1020 0018 00000000 		.4byte	.LFB3
 1021 001c 20000000 		.4byte	.LFE3-.LFB3
 1022 0020 00000000 		.4byte	.LFB4
 1023 0024 0C000000 		.4byte	.LFE4-.LFB4
 1024 0028 00000000 		.4byte	.LFB5
 1025 002c 18000000 		.4byte	.LFE5-.LFB5
 1026 0030 00000000 		.4byte	.LFB6
 1027 0034 10000000 		.4byte	.LFE6-.LFB6
 1028 0038 00000000 		.4byte	.LFB7
 1029 003c 0C000000 		.4byte	.LFE7-.LFB7
 1030 0040 00000000 		.4byte	.LFB1
 1031 0044 24000000 		.4byte	.LFE1-.LFB1
 1032 0048 00000000 		.4byte	.LFB2
 1033 004c 24000000 		.4byte	.LFE2-.LFB2
 1034 0050 00000000 		.4byte	.LFB8
 1035 0054 10000000 		.4byte	.LFE8-.LFB8
 1036 0058 00000000 		.4byte	0
 1037 005c 00000000 		.4byte	0
 1038              		.section	.debug_ranges,"",%progbits
 1039              	.Ldebug_ranges0:
 1040 0000 00000000 		.4byte	.LFB0
 1041 0004 02000000 		.4byte	.LFE0
 1042 0008 00000000 		.4byte	.LFB3
 1043 000c 20000000 		.4byte	.LFE3
 1044 0010 00000000 		.4byte	.LFB4
 1045 0014 0C000000 		.4byte	.LFE4
 1046 0018 00000000 		.4byte	.LFB5
 1047 001c 18000000 		.4byte	.LFE5
 1048 0020 00000000 		.4byte	.LFB6
 1049 0024 10000000 		.4byte	.LFE6
 1050 0028 00000000 		.4byte	.LFB7
ARM GAS  C:\Users\Dan\AppData\Local\Temp\ccI9PlTc.s 			page 26


 1051 002c 0C000000 		.4byte	.LFE7
 1052 0030 00000000 		.4byte	.LFB1
 1053 0034 24000000 		.4byte	.LFE1
 1054 0038 00000000 		.4byte	.LFB2
 1055 003c 24000000 		.4byte	.LFE2
 1056 0040 00000000 		.4byte	.LFB8
 1057 0044 10000000 		.4byte	.LFE8
 1058 0048 00000000 		.4byte	0
 1059 004c 00000000 		.4byte	0
 1060              		.section	.debug_line,"",%progbits
 1061              	.Ldebug_line0:
 1062 0000 1D010000 		.section	.debug_str,"MS",%progbits,1
 1062      02006900 
 1062      00000201 
 1062      FB0E0D00 
 1062      01010101 
 1063              	.LASF30:
 1064 0000 51756164 		.ascii	"QuadDec_Rem_Cnt8_Stop\000"
 1064      4465635F 
 1064      52656D5F 
 1064      436E7438 
 1064      5F53746F 
 1065              	.LASF29:
 1066 0016 51756164 		.ascii	"QuadDec_Rem_GetInterruptMask\000"
 1066      4465635F 
 1066      52656D5F 
 1066      47657449 
 1066      6E746572 
 1067              	.LASF35:
 1068 0033 51756164 		.ascii	"QuadDec_Rem_Cnt8_Start\000"
 1068      4465635F 
 1068      52656D5F 
 1068      436E7438 
 1068      5F537461 
 1069              	.LASF37:
 1070 004a 47656E65 		.ascii	"Generated_Source\\PSoC5\\QuadDec_Rem.c\000"
 1070      72617465 
 1070      645F536F 
 1070      75726365 
 1070      5C50536F 
 1071              	.LASF24:
 1072 006f 76616C75 		.ascii	"value\000"
 1072      6500
 1073              	.LASF19:
 1074 0075 636F756E 		.ascii	"count\000"
 1074      7400
 1075              	.LASF22:
 1076 007b 51756164 		.ascii	"QuadDec_Rem_SetCounter\000"
 1076      4465635F 
 1076      52656D5F 
 1076      53657443 
 1076      6F756E74 
 1077              	.LASF6:
 1078 0092 73686F72 		.ascii	"short unsigned int\000"
 1078      7420756E 
 1078      7369676E 
 1078      65642069 
ARM GAS  C:\Users\Dan\AppData\Local\Temp\ccI9PlTc.s 			page 27


 1078      6E7400
 1079              	.LASF38:
 1080 00a5 433A5C44 		.ascii	"C:\\Dan\\Eng Projects\\BP308\\MPG\\ARM Code\\MPG\\M"
 1080      616E5C45 
 1080      6E672050 
 1080      726F6A65 
 1080      6374735C 
 1081 00d1 50475F50 		.ascii	"PG_PSoC.cydsn\000"
 1081      536F432E 
 1081      63796473 
 1081      6E00
 1082              	.LASF41:
 1083 00df 51756164 		.ascii	"QuadDec_Rem_initVar\000"
 1083      4465635F 
 1083      52656D5F 
 1083      696E6974 
 1083      56617200 
 1084              	.LASF33:
 1085 00f3 51756164 		.ascii	"QuadDec_Rem_Cnt8_ReadCounter\000"
 1085      4465635F 
 1085      52656D5F 
 1085      436E7438 
 1085      5F526561 
 1086              	.LASF27:
 1087 0110 51756164 		.ascii	"QuadDec_Rem_Start\000"
 1087      4465635F 
 1087      52656D5F 
 1087      53746172 
 1087      7400
 1088              	.LASF15:
 1089 0122 666C6F61 		.ascii	"float\000"
 1089      7400
 1090              	.LASF9:
 1091 0128 6C6F6E67 		.ascii	"long long unsigned int\000"
 1091      206C6F6E 
 1091      6720756E 
 1091      7369676E 
 1091      65642069 
 1092              	.LASF4:
 1093 013f 756E7369 		.ascii	"unsigned char\000"
 1093      676E6564 
 1093      20636861 
 1093      7200
 1094              	.LASF36:
 1095 014d 474E5520 		.ascii	"GNU C11 5.4.1 20160609 (release) [ARM/embedded-5-br"
 1095      43313120 
 1095      352E342E 
 1095      31203230 
 1095      31363036 
 1096 0180 616E6368 		.ascii	"anch revision 237715] -mcpu=cortex-m3 -mthumb -g -O"
 1096      20726576 
 1096      6973696F 
 1096      6E203233 
 1096      37373135 
 1097 01b3 67202D66 		.ascii	"g -ffunction-sections -ffat-lto-objects\000"
 1097      66756E63 
 1097      74696F6E 
ARM GAS  C:\Users\Dan\AppData\Local\Temp\ccI9PlTc.s 			page 28


 1097      2D736563 
 1097      74696F6E 
 1098              	.LASF39:
 1099 01db 51756164 		.ascii	"QuadDec_Rem_Init\000"
 1099      4465635F 
 1099      52656D5F 
 1099      496E6974 
 1099      00
 1100              	.LASF17:
 1101 01ec 72656738 		.ascii	"reg8\000"
 1101      00
 1102              	.LASF14:
 1103 01f1 696E7431 		.ascii	"int16\000"
 1103      3600
 1104              	.LASF8:
 1105 01f7 6C6F6E67 		.ascii	"long unsigned int\000"
 1105      20756E73 
 1105      69676E65 
 1105      6420696E 
 1105      7400
 1106              	.LASF26:
 1107 0209 51756164 		.ascii	"QuadDec_Rem_Enable\000"
 1107      4465635F 
 1107      52656D5F 
 1107      456E6162 
 1107      6C6500
 1108              	.LASF12:
 1109 021c 75696E74 		.ascii	"uint8\000"
 1109      3800
 1110              	.LASF28:
 1111 0222 51756164 		.ascii	"QuadDec_Rem_GetEvents\000"
 1111      4465635F 
 1111      52656D5F 
 1111      47657445 
 1111      76656E74 
 1112              	.LASF18:
 1113 0238 656E6162 		.ascii	"enableInterrupts\000"
 1113      6C65496E 
 1113      74657272 
 1113      75707473 
 1113      00
 1114              	.LASF20:
 1115 0249 746D7043 		.ascii	"tmpCnt\000"
 1115      6E7400
 1116              	.LASF16:
 1117 0250 646F7562 		.ascii	"double\000"
 1117      6C6500
 1118              	.LASF13:
 1119 0257 696E7438 		.ascii	"int8\000"
 1119      00
 1120              	.LASF31:
 1121 025c 4379456E 		.ascii	"CyEnterCriticalSection\000"
 1121      74657243 
 1121      72697469 
 1121      63616C53 
 1121      65637469 
 1122              	.LASF0:
ARM GAS  C:\Users\Dan\AppData\Local\Temp\ccI9PlTc.s 			page 29


 1123 0273 756E7369 		.ascii	"unsigned int\000"
 1123      676E6564 
 1123      20696E74 
 1123      00
 1124              	.LASF34:
 1125 0280 51756164 		.ascii	"QuadDec_Rem_Cnt8_WriteCounter\000"
 1125      4465635F 
 1125      52656D5F 
 1125      436E7438 
 1125      5F577269 
 1126              	.LASF32:
 1127 029e 43794578 		.ascii	"CyExitCriticalSection\000"
 1127      69744372 
 1127      69746963 
 1127      616C5365 
 1127      6374696F 
 1128              	.LASF21:
 1129 02b4 51756164 		.ascii	"QuadDec_Rem_Stop\000"
 1129      4465635F 
 1129      52656D5F 
 1129      53746F70 
 1129      00
 1130              	.LASF10:
 1131 02c5 73697A65 		.ascii	"sizetype\000"
 1131      74797065 
 1131      00
 1132              	.LASF1:
 1133 02ce 6C6F6E67 		.ascii	"long long int\000"
 1133      206C6F6E 
 1133      6720696E 
 1133      7400
 1134              	.LASF25:
 1135 02dc 6D61736B 		.ascii	"mask\000"
 1135      00
 1136              	.LASF23:
 1137 02e1 51756164 		.ascii	"QuadDec_Rem_SetInterruptMask\000"
 1137      4465635F 
 1137      52656D5F 
 1137      53657449 
 1137      6E746572 
 1138              	.LASF40:
 1139 02fe 51756164 		.ascii	"QuadDec_Rem_GetCounter\000"
 1139      4465635F 
 1139      52656D5F 
 1139      47657443 
 1139      6F756E74 
 1140              	.LASF5:
 1141 0315 73686F72 		.ascii	"short int\000"
 1141      7420696E 
 1141      7400
 1142              	.LASF7:
 1143 031f 6C6F6E67 		.ascii	"long int\000"
 1143      20696E74 
 1143      00
 1144              	.LASF11:
 1145 0328 63686172 		.ascii	"char\000"
 1145      00
ARM GAS  C:\Users\Dan\AppData\Local\Temp\ccI9PlTc.s 			page 30


 1146              	.LASF2:
 1147 032d 6C6F6E67 		.ascii	"long double\000"
 1147      20646F75 
 1147      626C6500 
 1148              	.LASF3:
 1149 0339 7369676E 		.ascii	"signed char\000"
 1149      65642063 
 1149      68617200 
 1150              		.ident	"GCC: (GNU Tools for ARM Embedded Processors) 5.4.1 20160609 (release) [ARM/embedded-5-bran
